// Jest Snapshot v1, https://goo.gl/fbAQLP

exports[`Pruebas en <GifItem/> Debe de hacer match con el snapshot 1`] = `
<div>
  <div
    class="card"
  >
    <img
      alt="Dragon Ball Z"
      src="https://www.google.com/"
    />
    <p>
      Dragon Ball Z
    </p>
  </div>
</div>
`;

exports[`Pruebas en GifItem Debe de hacer match con el snapshot 1`] = `
<div>
  <div
    class="card"
  >
    <img
      alt="Dragon Ball Z"
      src="https://www.google.com/"
    />
    <p>
      Dragon Ball Z
    </p>
  </div>
</div>
`;
